library
    -- Modules exported by the library.
    exposed-modules:  MyLib

    -- Other library packages from which modules are imported.
    build-depends:    base

    -- Directories containing source files.
    hs-source-dirs:   src

    -- Base language which the package is written in.
    default-language: Haskell98
