library
    exposed-modules:  MyLib
    build-depends:    base ^>=4.14.1.0
    hs-source-dirs:   src
    default-language: Haskell98
