cabal-version:      2.2

-- Initial package description 'y' generated by
-- 'cabal init'. For further documentation, see:
--   http://haskell.org/cabal/users-guide/
-- 
-- The name of the package.
name:               QuxPackage

-- The package version.
-- See the Haskell package versioning policy (PVP) for standards
-- guiding when and how versions should be incremented.
-- https://pvp.haskell.org
-- PVP summary:     +-+------- breaking API changes
--                  | | +----- non-breaking API additions
--                  | | | +--- code changes with no API change
version:            4.2.6

-- A short (one-line) description of the package.
synopsis:           We are Qux, and this is our package

-- A longer description of the package.
-- description:

-- URL for the project homepage or repository.
homepage:           qux.com

-- The license under which the package is released.
license:            MIT

-- The file containing the license text.
license-file:       LICENSE

-- The package author(s).
author:             Foobar

-- An email address to which users can send suggestions, bug reports, and patches.
maintainer:         foobar@qux.com

-- A copyright notice.
-- copyright:
category:           Control
build-type:         Simple

-- Extra files to be distributed with the package, such as examples or a README.
extra-source-files: CHANGELOG.md
