test-suite y-test
    default-language: Haskell2010
    type:             exitcode-stdio-1.0
    hs-source-dirs:   test
    main-is:          Main.hs
    build-depends:    base ^>=4.14.1.0
