executable y
    main-is:          Main.hs
    build-depends:    base ^>=4.14.1.0
    hs-source-dirs:   exe
    default-language: Haskell2010
