executable y
    -- .hs or .lhs file containing the Main module.
    main-is:          Main.hs

    -- Other library packages from which modules are imported.
    build-depends:    base

    -- Directories containing source files.
    hs-source-dirs:   exe

    -- Base language which the package is written in.
    default-language: Haskell2010
