executable y
    main-is:          Main.hs

    -- Modules included in this executable, other than Main.
    -- other-modules:

    -- LANGUAGE extensions used by modules in this package.
    -- other-extensions:

    -- Other library packages from which modules are imported.
    -- build-depends:
    hs-source-dirs:   app
    default-language: Haskell2010
